// Jest Snapshot v1, https://goo.gl/fbAQLP

exports[`Report API Route Handlers: should have unchanged route handlers 1`] = `
Array [
  Layer {
    "handle": [Function],
    "keys": Array [],
    "name": "bound dispatch",
    "params": undefined,
    "path": undefined,
    "regexp": /\\^\\\\/\\?\\$/i,
    "route": Route {
      "methods": Object {
        "get": true,
      },
      "path": "/",
      "stack": Array [
        Layer {
          "handle": [Function],
          "keys": Array [],
          "method": "get",
          "name": "middleware",
          "params": undefined,
          "path": undefined,
          "regexp": /\\^\\\\/\\?\\$/i,
        },
        Layer {
          "handle": [Function],
          "keys": Array [],
          "method": "get",
          "name": "<anonymous>",
          "params": undefined,
          "path": undefined,
          "regexp": /\\^\\\\/\\?\\$/i,
        },
      ],
    },
  },
]
`;
